// Jest Snapshot v1, https://goo.gl/fbAQLP

exports[`Test Ingredient component Should render values 1`] = `ShallowWrapper {}`;
