// Jest Snapshot v1, https://goo.gl/fbAQLP

exports[`Test Home Screen renders with data 1`] = `
ShallowWrapper {
  Symbol(enzyme.__root__): [Circular],
  Symbol(enzyme.__unrendered__): <Home />,
  Symbol(enzyme.__renderer__): Object {
    "batchedUpdates": [Function],
    "checkPropTypes": [Function],
    "getNode": [Function],
    "render": [Function],
    "simulateError": [Function],
    "simulateEvent": [Function],
    "unmount": [Function],
  },
  Symbol(enzyme.__node__): Object {
    "instance": null,
    "key": undefined,
    "nodeType": "function",
    "props": Object {
      "children": Array [
        <div
          className="home__diy"
        >
          <Link
            className="home__diy__button"
            replace={false}
            to="/order"
          >
            Monte você mesmo
          </Link>
        </div>,
        <div
          className="home__menu"
        >
          <h1>
            Escolher no cardápio
          </h1>
        </div>,
      ],
    },
    "ref": null,
    "rendered": Array [
      Object {
        "instance": null,
        "key": undefined,
        "nodeType": "host",
        "props": Object {
          "children": <Link
            className="home__diy__button"
            replace={false}
            to="/order"
          >
            Monte você mesmo
          </Link>,
          "className": "home__diy",
        },
        "ref": null,
        "rendered": Object {
          "instance": null,
          "key": undefined,
          "nodeType": "class",
          "props": Object {
            "children": "Monte você mesmo",
            "className": "home__diy__button",
            "replace": false,
            "to": "/order",
          },
          "ref": null,
          "rendered": "Monte você mesmo",
          "type": [Function],
        },
        "type": "div",
      },
      Object {
        "instance": null,
        "key": undefined,
        "nodeType": "host",
        "props": Object {
          "children": Array [
            <h1>
              Escolher no cardápio
            </h1>,
            Array [],
          ],
          "className": "home__menu",
        },
        "ref": null,
        "rendered": Array [
          Object {
            "instance": null,
            "key": undefined,
            "nodeType": "host",
            "props": Object {
              "children": "Escolher no cardápio",
            },
            "ref": null,
            "rendered": "Escolher no cardápio",
            "type": "h1",
          },
        ],
        "type": "div",
      },
    ],
    "type": Symbol(react.fragment),
  },
  Symbol(enzyme.__nodes__): Array [
    Object {
      "instance": null,
      "key": undefined,
      "nodeType": "function",
      "props": Object {
        "children": Array [
          <div
            className="home__diy"
          >
            <Link
              className="home__diy__button"
              replace={false}
              to="/order"
            >
              Monte você mesmo
            </Link>
          </div>,
          <div
            className="home__menu"
          >
            <h1>
              Escolher no cardápio
            </h1>
          </div>,
        ],
      },
      "ref": null,
      "rendered": Array [
        Object {
          "instance": null,
          "key": undefined,
          "nodeType": "host",
          "props": Object {
            "children": <Link
              className="home__diy__button"
              replace={false}
              to="/order"
            >
              Monte você mesmo
            </Link>,
            "className": "home__diy",
          },
          "ref": null,
          "rendered": Object {
            "instance": null,
            "key": undefined,
            "nodeType": "class",
            "props": Object {
              "children": "Monte você mesmo",
              "className": "home__diy__button",
              "replace": false,
              "to": "/order",
            },
            "ref": null,
            "rendered": "Monte você mesmo",
            "type": [Function],
          },
          "type": "div",
        },
        Object {
          "instance": null,
          "key": undefined,
          "nodeType": "host",
          "props": Object {
            "children": Array [
              <h1>
                Escolher no cardápio
              </h1>,
              Array [],
            ],
            "className": "home__menu",
          },
          "ref": null,
          "rendered": Array [
            Object {
              "instance": null,
              "key": undefined,
              "nodeType": "host",
              "props": Object {
                "children": "Escolher no cardápio",
              },
              "ref": null,
              "rendered": "Escolher no cardápio",
              "type": "h1",
            },
          ],
          "type": "div",
        },
      ],
      "type": Symbol(react.fragment),
    },
  ],
  Symbol(enzyme.__options__): Object {
    "adapter": ReactSixteenAdapter {
      "options": Object {
        "enableComponentDidUpdateOnSetState": true,
        "legacyContextMode": "parent",
        "lifecycles": Object {
          "componentDidUpdate": Object {
            "onSetState": true,
          },
          "getChildContext": Object {
            "calledByRenderer": false,
          },
          "getDerivedStateFromProps": true,
          "getSnapshotBeforeUpdate": true,
          "setState": Object {
            "skipsComponentDidUpdateOnNullish": true,
          },
        },
      },
    },
  },
  Symbol(enzyme.__childContext__): null,
}
`;
