// Jest Snapshot v1, https://goo.gl/fbAQLP

exports[`Test MenuItem component Should render with no errors 1`] = `ShallowWrapper {}`;
