// Jest Snapshot v1, https://goo.gl/fbAQLP

exports[`Test App screen renders without crashing 1`] = `ShallowWrapper {}`;
